--------------------------------------------------------------------------------
Release 14.7 Trace  (nt64)
Copyright (c) 1995-2013 Xilinx, Inc.  All rights reserved.

C:\Xilinx\14.7\ISE_DS\ISE\bin\nt64\unwrapped\trce.exe -intstyle ise -v 3 -s 3
-n 3 -fastpaths -xml main.twx main.ncd -o main.twr main.pcf -ucf pines.ucf

Design file:              main.ncd
Physical constraint file: main.pcf
Device,package,speed:     xc6slx16,csg324,C,-3 (PRODUCTION 1.23 2013-10-13)
Report level:             verbose report

Environment Variable      Effect 
--------------------      ------ 
NONE                      No environment variables were set
--------------------------------------------------------------------------------

INFO:Timing:2698 - No timing constraints found, doing default enumeration.
INFO:Timing:3412 - To improve timing, see the Timing Closure User Guide (UG612).
INFO:Timing:2752 - To get complete path coverage, use the unconstrained paths 
   option. All paths that are not constrained will be reported in the 
   unconstrained paths section(s) of the report.
INFO:Timing:3339 - The clock-to-out numbers in this timing report are based on 
   a 50 Ohm transmission line loading model.  For the details of this model, 
   and for more information on accounting for different loading conditions, 
   please see the device datasheet.



Data Sheet report:
-----------------
All values displayed in nanoseconds (ns)

Setup/Hold to clock clk
------------+------------+------------+------------+------------+------------------+--------+
            |Max Setup to|  Process   |Max Hold to |  Process   |                  | Clock  |
Source      | clk (edge) |   Corner   | clk (edge) |   Corner   |Internal Clock(s) | Phase  |
------------+------------+------------+------------+------------+------------------+--------+
reset       |    6.757(R)|      SLOW  |   -0.704(R)|      FAST  |clk_BUFGP         |   0.000|
rx          |    3.728(R)|      SLOW  |   -0.710(R)|      SLOW  |clk_BUFGP         |   0.000|
start       |    2.117(R)|      SLOW  |   -1.256(R)|      FAST  |clk_BUFGP         |   0.000|
------------+------------+------------+------------+------------+------------------+--------+

Clock clk to Pad
------------+-----------------+------------+-----------------+------------+------------------+--------+
            |Max (slowest) clk|  Process   |Min (fastest) clk|  Process   |                  | Clock  |
Destination |  (edge) to PAD  |   Corner   |  (edge) to PAD  |   Corner   |Internal Clock(s) | Phase  |
------------+-----------------+------------+-----------------+------------+------------------+--------+
hsync       |         7.912(R)|      SLOW  |         4.174(R)|      FAST  |clk_BUFGP         |   0.000|
rgb<0>      |         7.895(R)|      SLOW  |         4.157(R)|      FAST  |clk_BUFGP         |   0.000|
rgb<1>      |         7.893(R)|      SLOW  |         4.170(R)|      FAST  |clk_BUFGP         |   0.000|
rgb<2>      |         7.610(R)|      SLOW  |         3.963(R)|      FAST  |clk_BUFGP         |   0.000|
rgb<3>      |         7.615(R)|      SLOW  |         3.968(R)|      FAST  |clk_BUFGP         |   0.000|
rgb<4>      |         7.505(R)|      SLOW  |         3.922(R)|      FAST  |clk_BUFGP         |   0.000|
rgb<5>      |         7.741(R)|      SLOW  |         4.064(R)|      FAST  |clk_BUFGP         |   0.000|
rgb<6>      |         7.732(R)|      SLOW  |         4.045(R)|      FAST  |clk_BUFGP         |   0.000|
rgb<7>      |         7.802(R)|      SLOW  |         4.110(R)|      FAST  |clk_BUFGP         |   0.000|
vsync       |         7.526(R)|      SLOW  |         3.938(R)|      FAST  |clk_BUFGP         |   0.000|
------------+-----------------+------------+-----------------+------------+------------------+--------+

Clock to Setup on destination clock clk
---------------+---------+---------+---------+---------+
               | Src:Rise| Src:Fall| Src:Rise| Src:Fall|
Source Clock   |Dest:Rise|Dest:Rise|Dest:Fall|Dest:Fall|
---------------+---------+---------+---------+---------+
clk            |    7.329|         |         |         |
---------------+---------+---------+---------+---------+


Analysis completed Tue Nov 04 14:14:01 2014 
--------------------------------------------------------------------------------

Trace Settings:
-------------------------
Trace Settings 

Peak Memory Usage: 240 MB



